version https://git-lfs.github.com/spec/v1
oid sha256:2313b733e143c88ef948a0706bedd142cc19d7964a3ea51c02aeff593ea5a734
size 562
